// Jest Snapshot v1, https://goo.gl/fbAQLP

exports[`Icon test icon snapshot 1`] = `
<svg
  aria-hidden="true"
  className="nsicon"
  style={
    Object {
      "height": undefined,
      "width": undefined,
    }
  }
>
  <use
    xlinkHref="#nsicon-yes"
  />
</svg>
`;
