// Jest Snapshot v1, https://goo.gl/fbAQLP

exports[`button test button snapshot 1`] = `
<button
  className="ns-btn ns-btn-default"
  disabled={false}
  onTouchEnd={[Function]}
  onTouchStart={[Function]}
  style={undefined}
  type="button"
>
  <span>
    button
  </span>
</button>
`;
